node.exe : FAIL src/app/login/__tests__/page.test.tsx
위치 줄:1 문자:1
+ & "C:\Program Files\nodejs/node.exe" "C:\Users\scn04\AppData\Roaming\ ...
+ ~~~~~~~~~~~~~~~~~~~~~~~~~~~~~~~~~~~~~~~~~~~~~~~~~~~~~~~~~~~~~~~~~~~~~
    + CategoryInfo          : NotSpecified: (FAIL src/app/lo..._/page.test.tsx:String) [], R 
   emoteException
    + FullyQualifiedErrorId : NativeCommandError
 
  LoginPage Component
    횞 renders login form correctly (47 ms)
    ??handles successful login (118 ms)
    ??handles login failure (user not found) (46 ms)
    ??handles login failure (wrong password) (44 ms)

  ??LoginPage Component ??renders login form correctly

    TestingLibraryElementError: Found multiple elements with the text: 濡쒓렇??
    Here are the matching elements:

    Ignored nodes: comments, script, style
    [36m<h1[39m
      [33mclass[39m=[32m"text-center mb-8 text-[var(--primary)] text-3xl font-bold"[39m
    [36m>[39m
      [0m濡쒓렇??[0m
    [36m</h1>[39m

    Ignored nodes: comments, script, style
    [36m<button[39m
      [33mclass[39m=[32m"inline-flex items-center justify-center font-medium transition-al
l rounded-xl focus:outline-none disabled:opacity-50 disabled:cursor-not-allowed active:scale-
95 bg-[var(--primary)] text-white shadow-sm hover:brightness-110 border border-transparent te
xt-sm px-4 py-2 h-10 gap-2 w-full mt-4 font-semibold shadow-md hover:shadow-lg"[39m
      [33mtype[39m=[32m"submit"[39m
    [36m>[39m
      [0m濡쒓렇??[0m
    [36m</button>[39m

    (If this is intentional, then use the `*AllBy*` variant of the query (like `queryAllByTex
t`, `getAllByText`, or `findAllByText`)).

    Ignored nodes: comments, script, style
    [36m<body>[39m
      [36m<div>[39m
        [36m<div[39m
          [33mclass[39m=[32m"flex justify-center pt-20 pb-8 min-h-[80vh]"[39m
        [36m>[39m
          [36m<div[39m
            [33mclass[39m=[32m"bg-[var(--card-bg)] p-10 rounded-xl shadow-[var(--card-shad
ow)] w-full max-w-[400px]"[39m
          [36m>[39m
            [36m<h1[39m
              [33mclass[39m=[32m"text-center mb-8 text-[var(--primary)] text-3xl font-bold
"[39m
            [36m>[39m
              [0m濡쒓렇??[0m
            [36m</h1>[39m
            [36m<form>[39m
              [36m<div[39m
                [33mclass[39m=[32m"mb-6"[39m
              [36m>[39m
                [36m<label[39m
                  [33mclass[39m=[32m"block mb-2 font-medium text-[var(--foreground)]"[39m
                [36m>[39m
                  [0m?꾩씠??[0m
                [36m</label>[39m
                [36m<input[39m
                  [33mclass[39m=[32m"w-full p-3 border border-[var(--border)] rounded-md b
g-[var(--background)] text-[var(--foreground)] text-base focus:outline-none focus:border-[var
(--primary)] transition-colors"[39m
                  [33mplaceholder[39m=[32m"?꾩씠?붾? ?낅젰?섏꽭??[39m
                  [33mrequired[39m=[32m""[39m
                  [33mtype[39m=[32m"text"[39m
                  [33mvalue[39m=[32m""[39m
                [36m/>[39m
              [36m</div>[39m
              [36m<div[39m
                [33mclass[39m=[32m"mb-6"[39m
              [36m>[39m
                [36m<label[39m
                  [33mclass[39m=[32m"block mb-2 font-medium text-[var(--foreground)]"[39m
                [36m>[39m
                  [0m鍮꾨?踰덊샇[0m
                [36m</label>[39m
                [36m<input[39m
                  [33mclass[39m=[32m"w-full p-3 border border-[var(--border)] rounded-md b
g-[var(--background)] text-[var(--foreground)] text-base focus:outline-none focus:border-[var
(--primary)] transition-colors"[39m
                  [33mplaceholder[39m=[32m"鍮꾨?踰덊샇瑜??낅젰?섏꽭??[39m
                  [33mrequired[39m=[32m""[39m
                  [33mtype[39m=[32m"password"[39m
                  [33mvalue[39m=[32m""[39m
                [36m/>[39m
              [36m</div>[39m
              [36m<button[39m
                [33mclass[39m=[32m"inline-flex items-center justify-center font-medium tra
nsition-all rounded-xl focus:outline-none disabled:opacity-50 disabled:cursor-not-allowed act
ive:scale-95 bg-[var(--primary)] text-white shadow-sm hover:brightness-110 border border-tran
sparent text-sm px-4 py-2 h-10 gap-2 w-full mt-4 font-semibold shadow-md hover:shadow-lg"[39
m
                [33mtype[39m=[32m"submit"[39m
              [36m>[39m
                [0m濡쒓렇??[0m
              [36m</button>[39m
            [36m</form>[39m
          [36m</div>[39m
        [36m</div>[39m
      [36m</div>[39m
    [36m</body>[39m

    [0m [90m 58 |[39m     test([32m'renders login form correctly'[39m[33m,[39m () [33
m=>[39m {
     [90m 59 |[39m         render([33m<[39m[33mLoginPage[39m [33m/[39m[33m>[39m)[3
3m;[39m
    [31m[1m>[22m[39m[90m 60 |[39m         expect(screen[33m.[39mgetByText([32m'濡쒓렇??
[39m))[33m.[39mtoBeInTheDocument()[33m;[39m [90m// Title[39m
     [90m    |[39m                       [31m[1m^[22m[39m
     [90m 61 |[39m         expect(screen[33m.[39mgetByPlaceholderText([32m'?꾩씠?붾? ?낅젰?섏꽭
??[39m))[33m.[39mtoBeInTheDocument()[33m;[39m
     [90m 62 |[39m         expect(screen[33m.[39mgetByPlaceholderText([32m'鍮꾨?踰덊샇瑜??낅젰?섏
꽭??[39m))[33m.[39mtoBeInTheDocument()[33m;[39m
     [90m 63 |[39m         expect(screen[33m.[39mgetByRole([32m'button'[39m[33m,[39m 
{ name[33m:[39m [32m'濡쒓렇??[39m }))[33m.[39mtoBeInTheDocument()[33m;[39m[0m

      at Object.getElementError (node_modules/@testing-library/dom/dist/config.js:37:19)
      at getElementError (node_modules/@testing-library/dom/dist/query-helpers.js:20:35)
      at getMultipleElementsFoundError (node_modules/@testing-library/dom/dist/query-helpers.
js:23:10)
      at node_modules/@testing-library/dom/dist/query-helpers.js:55:13
      at node_modules/@testing-library/dom/dist/query-helpers.js:95:19
      at Object.getByText (src/app/login/__tests__/page.test.tsx:60:23)

Test Suites: 1 failed, 1 total
Tests:       1 failed, 3 passed, 4 total
Snapshots:   0 total
Time:        2.273 s
Ran all test suites matching src/app/login/__tests__/page.test.tsx.
